{"level":"error","message":"Error connecting to MongoDB: Instance failed to start within 10000ms","timestamp":"2026-07-19 17:35:32"}
{"level":"error","message":"Error connecting to MongoDB: Instance failed to start within 10000ms","timestamp":"2026-07-19 17:36:07"}
{"level":"error","message":"Error connecting to MongoDB: querySrv ECONNREFUSED _mongodb._tcp.tejas.ngtohnb.mongodb.net","timestamp":"2026-07-19 17:36:55"}
{"level":"error","message":"Error connecting to MongoDB: Instance failed to start within 10000ms","timestamp":"2026-07-19 17:38:00"}
{"level":"error","message":"Error connecting to MongoDB: Instance failed to start within 10000ms","timestamp":"2026-07-19 17:38:48"}
{"level":"error","message":"Error connecting to MongoDB: Instance failed to start within 10000ms","timestamp":"2026-07-19 17:49:49"}
{"level":"error","message":"Error connecting to MongoDB: Instance failed to start within 10000ms","timestamp":"2026-07-19 19:28:06"}
{"level":"error","message":"Error connecting to MongoDB: querySrv ECONNREFUSED _mongodb._tcp.tejas.ngtohnb.mongodb.net","timestamp":"2026-07-19 19:30:32"}
{"level":"error","message":"Error connecting to MongoDB: E11000 duplicate key error collection: tejas.programs index: slug_1 dup key: { slug: null }","timestamp":"2026-07-19 19:33:04"}
{"level":"error","message":"Error connecting to MongoDB: E11000 duplicate key error collection: tejas.events index: slug_1 dup key: { slug: null }","timestamp":"2026-07-19 19:34:03"}
{"level":"error","message":"Error connecting to MongoDB: Blog validation failed: coverImage: Path `coverImage` is required.","timestamp":"2026-07-19 19:34:27"}
{"level":"error","message":"Nodemailer configuration error: Invalid login: 535 5.7.0 Invalid credentials","timestamp":"2026-07-24 15:53:08"}
{"level":"error","message":"Error connecting to MongoDB: Could not connect to any servers in your MongoDB Atlas cluster. One common reason is that you're trying to access the database from an IP that isn't whitelisted. Make sure your current IP address is on your Atlas cluster's IP whitelist: https://www.mongodb.com/docs/atlas/security-whitelist/","timestamp":"2026-07-24 20:02:03"}
{"level":"error","message":"Error sending email: Invalid login: 535 5.7.0 Invalid credentials","timestamp":"2026-07-25 00:40:20"}
{"level":"error","message":"MongoDB Connection Notice: Instance failed to start within 10000ms","timestamp":"2026-08-16 12:30:02"}
{"level":"error","message":"MongoDB Connection Notice: Instance failed to start within 10000ms","timestamp":"2026-08-17 10:15:22"}
{"level":"error","message":"MongoDB Connection Notice: Instance failed to start within 10000ms","timestamp":"2026-08-17 12:07:23"}
{"level":"error","message":"MongoDB Connection Notice: Instance failed to start within 10000ms","timestamp":"2026-08-17 12:08:04"}
{"level":"error","message":"Error sending email: Invalid login: 535 5.7.0 Invalid credentials","timestamp":"2026-08-17 12:18:29"}
{"level":"error","message":"Error sending email: Invalid login: 535 5.7.0 Invalid credentials","timestamp":"2026-08-17 12:18:29"}
{"level":"error","message":"Error sending email: Invalid login: 535 5.7.0 Invalid credentials","timestamp":"2026-08-17 12:18:30"}
{"level":"error","message":"Error sending email: Invalid login: 535 5.7.0 Invalid credentials","timestamp":"2026-08-17 12:18:31"}
{"level":"error","message":"Error sending email: Invalid login: 535 5.7.0 Invalid credentials","timestamp":"2026-08-17 12:18:31"}
{"level":"error","message":"Error sending email: Invalid login: 535 5.7.0 Too many failed login attempts","timestamp":"2026-08-17 12:18:33"}
{"level":"error","message":"Uncaught Exception: listen EADDRINUSE: address already in use :::5000","timestamp":"2026-08-19 13:06:03"}
{"level":"error","message":"Uncaught Exception: listen EADDRINUSE: address already in use :::5000","timestamp":"2026-08-19 14:15:24"}
{"level":"error","message":"Error sending email: Invalid login: 535 5.7.0 Invalid credentials","timestamp":"2026-08-19 14:16:42"}
{"level":"error","message":"Error sending email: Invalid login: 535 5.7.0 Invalid credentials","timestamp":"2026-08-19 14:30:31"}
{"level":"error","message":"Uncaught Exception: listen EADDRINUSE: address already in use :::5000","timestamp":"2026-08-19 19:26:43"}
{"level":"error","message":"Uncaught Exception: listen EADDRINUSE: address already in use :::5000","timestamp":"2026-08-19 22:26:49"}
{"level":"error","message":"Uncaught Exception: listen EADDRINUSE: address already in use :::5000","timestamp":"2026-08-19 22:26:49"}
{"level":"error","message":"Uncaught Exception: listen EADDRINUSE: address already in use :::5000","timestamp":"2026-08-20 01:31:21"}
{"level":"error","message":"Uncaught Exception: listen EADDRINUSE: address already in use :::5000","timestamp":"2026-08-20 01:31:58"}
{"level":"error","message":"Error sending email: Invalid login: 535 5.7.0 Invalid credentials","timestamp":"2026-08-20 01:32:39"}
{"level":"error","message":"Uncaught Exception: listen EADDRINUSE: address already in use :::5000","timestamp":"2026-08-20 02:05:01"}
